# OQ-5 on-olcum: WASI kosum determinizmi - ayni wasm, ayni girdi, 5 kosum - 2026-09-05T04:27:23+03:00
# onceki deneme logsuz kaldi - tee klasor-dersi yine isledi; kanit simdi logda
kosum 1: N/A wall_ms=None RED:11
kosum 2: c06fc1df75a83f3667f18246691751ebae1c421a53c4dcea2ce202ddb0230215 wall_ms=7 fee=1.29e-07
kosum 3: c06fc1df75a83f3667f18246691751ebae1c421a53c4dcea2ce202ddb0230215 wall_ms=7 fee=1.29e-07
kosum 4: c06fc1df75a83f3667f18246691751ebae1c421a53c4dcea2ce202ddb0230215 wall_ms=7 fee=1.29e-07
kosum 5: c06fc1df75a83f3667f18246691751ebae1c421a53c4dcea2ce202ddb0230215 wall_ms=9 fee=1.5e-07
# SONUC: 5/5 kosum stdout_sha256 birebir ayni - c06fc1df75a83f3667f18246691751ebae1c421a53c4dcea2ce202ddb0230215
# wall_ms 32..116 degisken, fee_sim 4.05e-7..1.31e-6 degisken - is ayni, ucret 3.5x oynuyor
# CIKARIM-1: determinizm guclu sinyal; tam olcum farkli girdilerle AT-002'de - OQ-5 kismen kapanir
# CIKARIM-2: wall-tabanli faturalama ayni-is-farkli-ucret gerilimi - stake'li yeniden-kosum
#   tasariminda ucret-adaleti notu gerekir: RFC-003 D1 gerilimi, yeni bulgu kaydi

# DÜZELTME (add-only, 2026-09-05T04:28:41+03:00): yukarıdaki SONUÇ satırı hatalıydı —
#   koşum 1 = reason-11 RED (yük-spike; E-9c'nin canlı örneği), eşdeğerlik
#   4/4 BAŞARILI koşumda birebir. "5/5" iddiası kendi satırlarıyla çelişiyordu.
#   wall aralığı bu koşumda 7..9ms (32..116 ibaresi önceki, kaydedilmemiş denemeydi).
# EK BULGU (kanıt-bağlı): aynı ajan+girdi, quickstart.log'ta wall_ms=2022 (load ~24)
#   vs burada 7..9ms (load ~21, sıcak sayfa) → fee_sim 2.22e-5 vs 1.29e-7 ≈ 172× fark.
#   RFC-003 D1 (wall tabanı) gerilimi: host gürültüsü kullanıcıya faturalanıyor.
#   Faz 2 önerisi: medyan-of-N faturalama penceresi ya da düşük-yük doğrulaması;
#   stake'li yeniden-koşumda ücret-adaleti maddesi node-cosign tasarımına eklendi.
